%!Adobe-FontList 1.20
%Locale:0x40c

%BeginFont
Handler:DirectoryHandler
FontType:Type1
FontName:KhakiStd-1
FamilyName:Khaki Std
StyleName:1
FullName:Khaki Std 1
MenuName:Khaki Std One
StyleBits:0
WritingScript:Roman
OutlineFileName:C:\Users\lailo\Desktop\Vraccc\Dossier Sudokita site\Document fonts\KhakiStd-1.otf
DataFormat:sfntData
UsesStandardEncoding:yes
isCFF:yes
hasSVG:no
VariableFontType:NonVariableFont
FileLength:44208
FileModTime:1052756288
WeightClass:400
WidthClass:5
AngleClass:0
NameArray:0,Mac,18,Khaki Std One
NameArray:0,Mac,4,Khaki Std 1
NameArray:0,Win,1,Khaki Std One
NameArray:0,Win,16,Khaki Std
%EndFont

%BeginFont
Handler:DirectoryHandler
FontType:Type1
FontName:MinionPro-Regular
FamilyName:Minion Pro
StyleName:Regular
FullName:Minion Pro
MenuName:Minion Pro
StyleBits:0
WritingScript:Roman
OutlineFileName:C:\Users\lailo\Desktop\Vraccc\Dossier Sudokita site\Document fonts\MinionPro-Regular.otf
DataFormat:sfntData
UsesStandardEncoding:yes
isCFF:yes
hasSVG:no
VariableFontType:NonVariableFont
FileLength:184404
FileModTime:1052756300
WeightClass:400
WidthClass:5
AngleClass:0
DesignSize:110
NameArray:0,Mac,4,Minion Pro
NameArray:0,Win,1,Minion Pro
%EndFont

%BeginFont
Handler:DirectoryHandler
FontType:TrueType
FontName:MicrosoftNewTaiLue
FamilyName:Microsoft New Tai Lue
StyleName:Regular
FullName:Microsoft New Tai Lue
MenuName:Microsoft New Tai Lue
StyleBits:0
WritingScript:Roman
OutlineFileName:C:\Users\lailo\Desktop\Vraccc\Dossier Sudokita site\Document fonts\ntailu_0.ttf
DataFormat:sfntData
hasSVG:no
VariableFontType:NonVariableFont
FileLength:74464
FileModTime:1536996512
WeightClass:400
WidthClass:5
AngleClass:0
NameArray:0,Mac,4,Microsoft New Tai Lue
NameArray:0,Win,1,Microsoft New Tai Lue
%EndFont

%BeginFont
Handler:DirectoryHandler
FontType:TrueType
FontName:SegoeUISymbol
FamilyName:Segoe UI Symbol
StyleName:Regular
FullName:Segoe UI Symbol
MenuName:Segoe UI Symbol
StyleBits:0
WritingScript:Roman
OutlineFileName:C:\Users\lailo\Desktop\Vraccc\Dossier Sudokita site\Document fonts\seguisym.ttf
DataFormat:sfntData
hasSVG:no
VariableFontType:NonVariableFont
FileLength:2454728
FileModTime:1536996512
WeightClass:400
WidthClass:5
AngleClass:0
NameArray:0,Win,1,Segoe UI Symbol
%EndFont

